------------------------------------------------------------
Timing Analyzer Summary
------------------------------------------------------------

Type  : Slow 1100mV 85C Model Setup 'CLOCK_50'
Slack : -9.801
TNS   : -4893.398

Type  : Slow 1100mV 85C Model Hold 'CLOCK_50'
Slack : 0.023
TNS   : 0.000

Type  : Slow 1100mV 85C Model Recovery 'divisorGenerico_e_Interface:interfaceTempo1|divisorGenerico:baseTempo|tick'
Slack : -7.260
TNS   : -7.260

Type  : Slow 1100mV 85C Model Recovery 'divisorGenerico_e_Interface:interfaceTempo0|divisorGenerico:baseTempo|tick'
Slack : -7.017
TNS   : -14.030

Type  : Slow 1100mV 85C Model Recovery 'divisorGenerico_e_Interface:interfaceTempo2|divisorGenerico:baseTempo|tick'
Slack : -6.653
TNS   : -6.653

Type  : Slow 1100mV 85C Model Recovery 'divisorGenerico_e_Interface:interfaceTempo3|divisorGenerico:baseTempo|tick'
Slack : -6.527
TNS   : -6.527

Type  : Slow 1100mV 85C Model Recovery 'KEY[0]'
Slack : -4.269
TNS   : -4.269

Type  : Slow 1100mV 85C Model Removal 'KEY[0]'
Slack : 1.099
TNS   : 0.000

Type  : Slow 1100mV 85C Model Removal 'divisorGenerico_e_Interface:interfaceTempo3|divisorGenerico:baseTempo|tick'
Slack : 3.766
TNS   : 0.000

Type  : Slow 1100mV 85C Model Removal 'divisorGenerico_e_Interface:interfaceTempo2|divisorGenerico:baseTempo|tick'
Slack : 3.928
TNS   : 0.000

Type  : Slow 1100mV 85C Model Removal 'divisorGenerico_e_Interface:interfaceTempo0|divisorGenerico:baseTempo|tick'
Slack : 4.317
TNS   : 0.000

Type  : Slow 1100mV 85C Model Removal 'divisorGenerico_e_Interface:interfaceTempo1|divisorGenerico:baseTempo|tick'
Slack : 4.566
TNS   : 0.000

Type  : Slow 1100mV 85C Model Minimum Pulse Width 'CLOCK_50'
Slack : -0.538
TNS   : -583.027

Type  : Slow 1100mV 85C Model Minimum Pulse Width 'divisorGenerico_e_Interface:interfaceTempo0|divisorGenerico:baseTempo|tick'
Slack : -0.538
TNS   : -1.676

Type  : Slow 1100mV 85C Model Minimum Pulse Width 'divisorGenerico_e_Interface:interfaceTempo3|divisorGenerico:baseTempo|tick'
Slack : -0.538
TNS   : -0.994

Type  : Slow 1100mV 85C Model Minimum Pulse Width 'divisorGenerico_e_Interface:interfaceTempo2|divisorGenerico:baseTempo|tick'
Slack : -0.538
TNS   : -0.898

Type  : Slow 1100mV 85C Model Minimum Pulse Width 'divisorGenerico_e_Interface:interfaceTempo1|divisorGenerico:baseTempo|tick'
Slack : -0.538
TNS   : -0.832

Type  : Slow 1100mV 85C Model Minimum Pulse Width 'KEY[0]'
Slack : -0.538
TNS   : -0.781

Type  : Slow 1100mV 0C Model Setup 'CLOCK_50'
Slack : -9.915
TNS   : -4787.891

Type  : Slow 1100mV 0C Model Hold 'CLOCK_50'
Slack : -0.096
TNS   : -0.096

Type  : Slow 1100mV 0C Model Recovery 'divisorGenerico_e_Interface:interfaceTempo1|divisorGenerico:baseTempo|tick'
Slack : -7.521
TNS   : -7.521

Type  : Slow 1100mV 0C Model Recovery 'divisorGenerico_e_Interface:interfaceTempo0|divisorGenerico:baseTempo|tick'
Slack : -7.304
TNS   : -14.602

Type  : Slow 1100mV 0C Model Recovery 'divisorGenerico_e_Interface:interfaceTempo2|divisorGenerico:baseTempo|tick'
Slack : -6.951
TNS   : -6.951

Type  : Slow 1100mV 0C Model Recovery 'divisorGenerico_e_Interface:interfaceTempo3|divisorGenerico:baseTempo|tick'
Slack : -6.844
TNS   : -6.844

Type  : Slow 1100mV 0C Model Recovery 'KEY[0]'
Slack : -4.634
TNS   : -4.634

Type  : Slow 1100mV 0C Model Removal 'KEY[0]'
Slack : 1.203
TNS   : 0.000

Type  : Slow 1100mV 0C Model Removal 'divisorGenerico_e_Interface:interfaceTempo3|divisorGenerico:baseTempo|tick'
Slack : 3.839
TNS   : 0.000

Type  : Slow 1100mV 0C Model Removal 'divisorGenerico_e_Interface:interfaceTempo2|divisorGenerico:baseTempo|tick'
Slack : 3.977
TNS   : 0.000

Type  : Slow 1100mV 0C Model Removal 'divisorGenerico_e_Interface:interfaceTempo0|divisorGenerico:baseTempo|tick'
Slack : 4.355
TNS   : 0.000

Type  : Slow 1100mV 0C Model Removal 'divisorGenerico_e_Interface:interfaceTempo1|divisorGenerico:baseTempo|tick'
Slack : 4.585
TNS   : 0.000

Type  : Slow 1100mV 0C Model Minimum Pulse Width 'CLOCK_50'
Slack : -0.538
TNS   : -591.209

Type  : Slow 1100mV 0C Model Minimum Pulse Width 'divisorGenerico_e_Interface:interfaceTempo0|divisorGenerico:baseTempo|tick'
Slack : -0.538
TNS   : -1.662

Type  : Slow 1100mV 0C Model Minimum Pulse Width 'divisorGenerico_e_Interface:interfaceTempo3|divisorGenerico:baseTempo|tick'
Slack : -0.538
TNS   : -0.990

Type  : Slow 1100mV 0C Model Minimum Pulse Width 'divisorGenerico_e_Interface:interfaceTempo2|divisorGenerico:baseTempo|tick'
Slack : -0.538
TNS   : -0.899

Type  : Slow 1100mV 0C Model Minimum Pulse Width 'divisorGenerico_e_Interface:interfaceTempo1|divisorGenerico:baseTempo|tick'
Slack : -0.538
TNS   : -0.821

Type  : Slow 1100mV 0C Model Minimum Pulse Width 'KEY[0]'
Slack : -0.538
TNS   : -0.789

Type  : Fast 1100mV 85C Model Setup 'CLOCK_50'
Slack : -4.595
TNS   : -2309.490

Type  : Fast 1100mV 85C Model Hold 'CLOCK_50'
Slack : -0.071
TNS   : -0.715

Type  : Fast 1100mV 85C Model Recovery 'divisorGenerico_e_Interface:interfaceTempo1|divisorGenerico:baseTempo|tick'
Slack : -3.480
TNS   : -3.480

Type  : Fast 1100mV 85C Model Recovery 'divisorGenerico_e_Interface:interfaceTempo0|divisorGenerico:baseTempo|tick'
Slack : -3.401
TNS   : -6.801

Type  : Fast 1100mV 85C Model Recovery 'divisorGenerico_e_Interface:interfaceTempo2|divisorGenerico:baseTempo|tick'
Slack : -3.146
TNS   : -3.146

Type  : Fast 1100mV 85C Model Recovery 'divisorGenerico_e_Interface:interfaceTempo3|divisorGenerico:baseTempo|tick'
Slack : -3.081
TNS   : -3.081

Type  : Fast 1100mV 85C Model Recovery 'KEY[0]'
Slack : -1.731
TNS   : -1.731

Type  : Fast 1100mV 85C Model Removal 'KEY[0]'
Slack : 0.212
TNS   : 0.000

Type  : Fast 1100mV 85C Model Removal 'divisorGenerico_e_Interface:interfaceTempo3|divisorGenerico:baseTempo|tick'
Slack : 1.709
TNS   : 0.000

Type  : Fast 1100mV 85C Model Removal 'divisorGenerico_e_Interface:interfaceTempo2|divisorGenerico:baseTempo|tick'
Slack : 1.803
TNS   : 0.000

Type  : Fast 1100mV 85C Model Removal 'divisorGenerico_e_Interface:interfaceTempo0|divisorGenerico:baseTempo|tick'
Slack : 2.066
TNS   : 0.000

Type  : Fast 1100mV 85C Model Removal 'divisorGenerico_e_Interface:interfaceTempo1|divisorGenerico:baseTempo|tick'
Slack : 2.146
TNS   : 0.000

Type  : Fast 1100mV 85C Model Minimum Pulse Width 'CLOCK_50'
Slack : -0.340
TNS   : -70.234

Type  : Fast 1100mV 85C Model Minimum Pulse Width 'KEY[0]'
Slack : -0.232
TNS   : -0.383

Type  : Fast 1100mV 85C Model Minimum Pulse Width 'divisorGenerico_e_Interface:interfaceTempo3|divisorGenerico:baseTempo|tick'
Slack : -0.125
TNS   : -0.125

Type  : Fast 1100mV 85C Model Minimum Pulse Width 'divisorGenerico_e_Interface:interfaceTempo2|divisorGenerico:baseTempo|tick'
Slack : -0.048
TNS   : -0.048

Type  : Fast 1100mV 85C Model Minimum Pulse Width 'divisorGenerico_e_Interface:interfaceTempo1|divisorGenerico:baseTempo|tick'
Slack : 0.051
TNS   : 0.000

Type  : Fast 1100mV 85C Model Minimum Pulse Width 'divisorGenerico_e_Interface:interfaceTempo0|divisorGenerico:baseTempo|tick'
Slack : 0.059
TNS   : 0.000

Type  : Fast 1100mV 0C Model Setup 'CLOCK_50'
Slack : -4.097
TNS   : -2011.639

Type  : Fast 1100mV 0C Model Hold 'CLOCK_50'
Slack : -0.230
TNS   : -9.957

Type  : Fast 1100mV 0C Model Recovery 'divisorGenerico_e_Interface:interfaceTempo1|divisorGenerico:baseTempo|tick'
Slack : -3.234
TNS   : -3.234

Type  : Fast 1100mV 0C Model Recovery 'divisorGenerico_e_Interface:interfaceTempo0|divisorGenerico:baseTempo|tick'
Slack : -3.173
TNS   : -6.346

Type  : Fast 1100mV 0C Model Recovery 'divisorGenerico_e_Interface:interfaceTempo2|divisorGenerico:baseTempo|tick'
Slack : -2.944
TNS   : -2.944

Type  : Fast 1100mV 0C Model Recovery 'divisorGenerico_e_Interface:interfaceTempo3|divisorGenerico:baseTempo|tick'
Slack : -2.882
TNS   : -2.882

Type  : Fast 1100mV 0C Model Recovery 'KEY[0]'
Slack : -1.573
TNS   : -1.573

Type  : Fast 1100mV 0C Model Removal 'KEY[0]'
Slack : 0.228
TNS   : 0.000

Type  : Fast 1100mV 0C Model Removal 'divisorGenerico_e_Interface:interfaceTempo3|divisorGenerico:baseTempo|tick'
Slack : 1.654
TNS   : 0.000

Type  : Fast 1100mV 0C Model Removal 'divisorGenerico_e_Interface:interfaceTempo2|divisorGenerico:baseTempo|tick'
Slack : 1.740
TNS   : 0.000

Type  : Fast 1100mV 0C Model Removal 'divisorGenerico_e_Interface:interfaceTempo0|divisorGenerico:baseTempo|tick'
Slack : 1.977
TNS   : 0.000

Type  : Fast 1100mV 0C Model Removal 'divisorGenerico_e_Interface:interfaceTempo1|divisorGenerico:baseTempo|tick'
Slack : 2.038
TNS   : 0.000

Type  : Fast 1100mV 0C Model Minimum Pulse Width 'CLOCK_50'
Slack : -0.343
TNS   : -71.057

Type  : Fast 1100mV 0C Model Minimum Pulse Width 'KEY[0]'
Slack : -0.227
TNS   : -0.315

Type  : Fast 1100mV 0C Model Minimum Pulse Width 'divisorGenerico_e_Interface:interfaceTempo3|divisorGenerico:baseTempo|tick'
Slack : -0.078
TNS   : -0.078

Type  : Fast 1100mV 0C Model Minimum Pulse Width 'divisorGenerico_e_Interface:interfaceTempo2|divisorGenerico:baseTempo|tick'
Slack : -0.013
TNS   : -0.013

Type  : Fast 1100mV 0C Model Minimum Pulse Width 'divisorGenerico_e_Interface:interfaceTempo0|divisorGenerico:baseTempo|tick'
Slack : 0.064
TNS   : 0.000

Type  : Fast 1100mV 0C Model Minimum Pulse Width 'divisorGenerico_e_Interface:interfaceTempo1|divisorGenerico:baseTempo|tick'
Slack : 0.075
TNS   : 0.000

------------------------------------------------------------
