------------------------------------------------------------
Timing Analyzer Summary
------------------------------------------------------------

Type  : Slow 1100mV 85C Model Setup 'CLOCK_50'
Slack : -10.934
TNS   : -4984.667

Type  : Slow 1100mV 85C Model Hold 'CLOCK_50'
Slack : 0.442
TNS   : 0.000

Type  : Slow 1100mV 85C Model Recovery 'divisorGenerico_e_Interface:interfaceTempo1|divisorGenerico:baseTempo|tick'
Slack : -6.789
TNS   : -6.789

Type  : Slow 1100mV 85C Model Recovery 'divisorGenerico_e_Interface:interfaceTempo0|divisorGenerico:baseTempo|tick'
Slack : -6.663
TNS   : -6.663

Type  : Slow 1100mV 85C Model Recovery 'divisorGenerico_e_Interface:interfaceTempo2|divisorGenerico:baseTempo|tick'
Slack : -6.616
TNS   : -6.616

Type  : Slow 1100mV 85C Model Recovery 'divisorGenerico_e_Interface:interfaceTempo3|divisorGenerico:baseTempo|tick'
Slack : -6.436
TNS   : -6.436

Type  : Slow 1100mV 85C Model Recovery 'KEY[2]'
Slack : -4.160
TNS   : -4.160

Type  : Slow 1100mV 85C Model Recovery 'KEY[3]'
Slack : -4.079
TNS   : -4.079

Type  : Slow 1100mV 85C Model Recovery 'KEY[1]'
Slack : -4.018
TNS   : -4.018

Type  : Slow 1100mV 85C Model Recovery 'FPGA_RESET_N'
Slack : -3.972
TNS   : -3.972

Type  : Slow 1100mV 85C Model Recovery 'KEY[0]'
Slack : -3.860
TNS   : -3.860

Type  : Slow 1100mV 85C Model Removal 'KEY[1]'
Slack : 0.521
TNS   : 0.000

Type  : Slow 1100mV 85C Model Removal 'KEY[3]'
Slack : 0.699
TNS   : 0.000

Type  : Slow 1100mV 85C Model Removal 'KEY[0]'
Slack : 0.788
TNS   : 0.000

Type  : Slow 1100mV 85C Model Removal 'KEY[2]'
Slack : 0.906
TNS   : 0.000

Type  : Slow 1100mV 85C Model Removal 'FPGA_RESET_N'
Slack : 0.985
TNS   : 0.000

Type  : Slow 1100mV 85C Model Removal 'divisorGenerico_e_Interface:interfaceTempo3|divisorGenerico:baseTempo|tick'
Slack : 3.589
TNS   : 0.000

Type  : Slow 1100mV 85C Model Removal 'divisorGenerico_e_Interface:interfaceTempo2|divisorGenerico:baseTempo|tick'
Slack : 3.806
TNS   : 0.000

Type  : Slow 1100mV 85C Model Removal 'divisorGenerico_e_Interface:interfaceTempo0|divisorGenerico:baseTempo|tick'
Slack : 3.890
TNS   : 0.000

Type  : Slow 1100mV 85C Model Removal 'divisorGenerico_e_Interface:interfaceTempo1|divisorGenerico:baseTempo|tick'
Slack : 4.041
TNS   : 0.000

Type  : Slow 1100mV 85C Model Minimum Pulse Width 'CLOCK_50'
Slack : -0.538
TNS   : -578.419

Type  : Slow 1100mV 85C Model Minimum Pulse Width 'FPGA_RESET_N'
Slack : -0.538
TNS   : -0.970

Type  : Slow 1100mV 85C Model Minimum Pulse Width 'divisorGenerico_e_Interface:interfaceTempo2|divisorGenerico:baseTempo|tick'
Slack : -0.538
TNS   : -0.965

Type  : Slow 1100mV 85C Model Minimum Pulse Width 'KEY[3]'
Slack : -0.538
TNS   : -0.912

Type  : Slow 1100mV 85C Model Minimum Pulse Width 'KEY[1]'
Slack : -0.538
TNS   : -0.906

Type  : Slow 1100mV 85C Model Minimum Pulse Width 'divisorGenerico_e_Interface:interfaceTempo3|divisorGenerico:baseTempo|tick'
Slack : -0.538
TNS   : -0.893

Type  : Slow 1100mV 85C Model Minimum Pulse Width 'KEY[0]'
Slack : -0.538
TNS   : -0.880

Type  : Slow 1100mV 85C Model Minimum Pulse Width 'divisorGenerico_e_Interface:interfaceTempo0|divisorGenerico:baseTempo|tick'
Slack : -0.538
TNS   : -0.843

Type  : Slow 1100mV 85C Model Minimum Pulse Width 'divisorGenerico_e_Interface:interfaceTempo1|divisorGenerico:baseTempo|tick'
Slack : -0.538
TNS   : -0.814

Type  : Slow 1100mV 85C Model Minimum Pulse Width 'KEY[2]'
Slack : -0.538
TNS   : -0.785

Type  : Slow 1100mV 0C Model Setup 'CLOCK_50'
Slack : -10.935
TNS   : -4887.984

Type  : Slow 1100mV 0C Model Hold 'CLOCK_50'
Slack : 0.327
TNS   : 0.000

Type  : Slow 1100mV 0C Model Recovery 'divisorGenerico_e_Interface:interfaceTempo1|divisorGenerico:baseTempo|tick'
Slack : -6.996
TNS   : -6.996

Type  : Slow 1100mV 0C Model Recovery 'divisorGenerico_e_Interface:interfaceTempo0|divisorGenerico:baseTempo|tick'
Slack : -6.891
TNS   : -6.891

Type  : Slow 1100mV 0C Model Recovery 'divisorGenerico_e_Interface:interfaceTempo2|divisorGenerico:baseTempo|tick'
Slack : -6.804
TNS   : -6.804

Type  : Slow 1100mV 0C Model Recovery 'divisorGenerico_e_Interface:interfaceTempo3|divisorGenerico:baseTempo|tick'
Slack : -6.652
TNS   : -6.652

Type  : Slow 1100mV 0C Model Recovery 'KEY[2]'
Slack : -4.500
TNS   : -4.500

Type  : Slow 1100mV 0C Model Recovery 'KEY[3]'
Slack : -4.334
TNS   : -4.334

Type  : Slow 1100mV 0C Model Recovery 'KEY[1]'
Slack : -4.312
TNS   : -4.312

Type  : Slow 1100mV 0C Model Recovery 'FPGA_RESET_N'
Slack : -4.228
TNS   : -4.228

Type  : Slow 1100mV 0C Model Recovery 'KEY[0]'
Slack : -4.095
TNS   : -4.095

Type  : Slow 1100mV 0C Model Removal 'KEY[1]'
Slack : 0.690
TNS   : 0.000

Type  : Slow 1100mV 0C Model Removal 'KEY[3]'
Slack : 0.883
TNS   : 0.000

Type  : Slow 1100mV 0C Model Removal 'KEY[0]'
Slack : 0.977
TNS   : 0.000

Type  : Slow 1100mV 0C Model Removal 'KEY[2]'
Slack : 1.078
TNS   : 0.000

Type  : Slow 1100mV 0C Model Removal 'FPGA_RESET_N'
Slack : 1.205
TNS   : 0.000

Type  : Slow 1100mV 0C Model Removal 'divisorGenerico_e_Interface:interfaceTempo3|divisorGenerico:baseTempo|tick'
Slack : 3.701
TNS   : 0.000

Type  : Slow 1100mV 0C Model Removal 'divisorGenerico_e_Interface:interfaceTempo2|divisorGenerico:baseTempo|tick'
Slack : 3.907
TNS   : 0.000

Type  : Slow 1100mV 0C Model Removal 'divisorGenerico_e_Interface:interfaceTempo0|divisorGenerico:baseTempo|tick'
Slack : 4.015
TNS   : 0.000

Type  : Slow 1100mV 0C Model Removal 'divisorGenerico_e_Interface:interfaceTempo1|divisorGenerico:baseTempo|tick'
Slack : 4.140
TNS   : 0.000

Type  : Slow 1100mV 0C Model Minimum Pulse Width 'CLOCK_50'
Slack : -0.538
TNS   : -586.346

Type  : Slow 1100mV 0C Model Minimum Pulse Width 'FPGA_RESET_N'
Slack : -0.538
TNS   : -1.024

Type  : Slow 1100mV 0C Model Minimum Pulse Width 'divisorGenerico_e_Interface:interfaceTempo2|divisorGenerico:baseTempo|tick'
Slack : -0.538
TNS   : -0.943

Type  : Slow 1100mV 0C Model Minimum Pulse Width 'KEY[1]'
Slack : -0.538
TNS   : -0.929

Type  : Slow 1100mV 0C Model Minimum Pulse Width 'KEY[3]'
Slack : -0.538
TNS   : -0.920

Type  : Slow 1100mV 0C Model Minimum Pulse Width 'KEY[0]'
Slack : -0.538
TNS   : -0.898

Type  : Slow 1100mV 0C Model Minimum Pulse Width 'divisorGenerico_e_Interface:interfaceTempo3|divisorGenerico:baseTempo|tick'
Slack : -0.538
TNS   : -0.873

Type  : Slow 1100mV 0C Model Minimum Pulse Width 'divisorGenerico_e_Interface:interfaceTempo0|divisorGenerico:baseTempo|tick'
Slack : -0.538
TNS   : -0.828

Type  : Slow 1100mV 0C Model Minimum Pulse Width 'divisorGenerico_e_Interface:interfaceTempo1|divisorGenerico:baseTempo|tick'
Slack : -0.538
TNS   : -0.800

Type  : Slow 1100mV 0C Model Minimum Pulse Width 'KEY[2]'
Slack : -0.538
TNS   : -0.774

Type  : Fast 1100mV 85C Model Setup 'CLOCK_50'
Slack : -5.271
TNS   : -2293.376

Type  : Fast 1100mV 85C Model Hold 'CLOCK_50'
Slack : 0.165
TNS   : 0.000

Type  : Fast 1100mV 85C Model Recovery 'divisorGenerico_e_Interface:interfaceTempo1|divisorGenerico:baseTempo|tick'
Slack : -3.214
TNS   : -3.214

Type  : Fast 1100mV 85C Model Recovery 'divisorGenerico_e_Interface:interfaceTempo0|divisorGenerico:baseTempo|tick'
Slack : -3.135
TNS   : -3.135

Type  : Fast 1100mV 85C Model Recovery 'divisorGenerico_e_Interface:interfaceTempo2|divisorGenerico:baseTempo|tick'
Slack : -3.037
TNS   : -3.037

Type  : Fast 1100mV 85C Model Recovery 'divisorGenerico_e_Interface:interfaceTempo3|divisorGenerico:baseTempo|tick'
Slack : -2.941
TNS   : -2.941

Type  : Fast 1100mV 85C Model Recovery 'FPGA_RESET_N'
Slack : -1.839
TNS   : -1.839

Type  : Fast 1100mV 85C Model Recovery 'KEY[0]'
Slack : -1.711
TNS   : -1.711

Type  : Fast 1100mV 85C Model Recovery 'KEY[3]'
Slack : -1.665
TNS   : -1.665

Type  : Fast 1100mV 85C Model Recovery 'KEY[2]'
Slack : -1.657
TNS   : -1.657

Type  : Fast 1100mV 85C Model Recovery 'KEY[1]'
Slack : -1.615
TNS   : -1.615

Type  : Fast 1100mV 85C Model Removal 'KEY[1]'
Slack : 0.010
TNS   : 0.000

Type  : Fast 1100mV 85C Model Removal 'KEY[3]'
Slack : 0.162
TNS   : 0.000

Type  : Fast 1100mV 85C Model Removal 'KEY[2]'
Slack : 0.227
TNS   : 0.000

Type  : Fast 1100mV 85C Model Removal 'KEY[0]'
Slack : 0.299
TNS   : 0.000

Type  : Fast 1100mV 85C Model Removal 'FPGA_RESET_N'
Slack : 0.371
TNS   : 0.000

Type  : Fast 1100mV 85C Model Removal 'divisorGenerico_e_Interface:interfaceTempo3|divisorGenerico:baseTempo|tick'
Slack : 1.573
TNS   : 0.000

Type  : Fast 1100mV 85C Model Removal 'divisorGenerico_e_Interface:interfaceTempo2|divisorGenerico:baseTempo|tick'
Slack : 1.670
TNS   : 0.000

Type  : Fast 1100mV 85C Model Removal 'divisorGenerico_e_Interface:interfaceTempo0|divisorGenerico:baseTempo|tick'
Slack : 1.790
TNS   : 0.000

Type  : Fast 1100mV 85C Model Removal 'divisorGenerico_e_Interface:interfaceTempo1|divisorGenerico:baseTempo|tick'
Slack : 1.879
TNS   : 0.000

Type  : Fast 1100mV 85C Model Minimum Pulse Width 'CLOCK_50'
Slack : -0.434
TNS   : -69.830

Type  : Fast 1100mV 85C Model Minimum Pulse Width 'KEY[2]'
Slack : -0.145
TNS   : -0.159

Type  : Fast 1100mV 85C Model Minimum Pulse Width 'KEY[1]'
Slack : -0.123
TNS   : -0.149

Type  : Fast 1100mV 85C Model Minimum Pulse Width 'KEY[0]'
Slack : -0.102
TNS   : -0.102

Type  : Fast 1100mV 85C Model Minimum Pulse Width 'divisorGenerico_e_Interface:interfaceTempo2|divisorGenerico:baseTempo|tick'
Slack : -0.085
TNS   : -0.085

Type  : Fast 1100mV 85C Model Minimum Pulse Width 'KEY[3]'
Slack : -0.078
TNS   : -0.078

Type  : Fast 1100mV 85C Model Minimum Pulse Width 'FPGA_RESET_N'
Slack : -0.025
TNS   : -0.025

Type  : Fast 1100mV 85C Model Minimum Pulse Width 'divisorGenerico_e_Interface:interfaceTempo3|divisorGenerico:baseTempo|tick'
Slack : -0.005
TNS   : -0.005

Type  : Fast 1100mV 85C Model Minimum Pulse Width 'divisorGenerico_e_Interface:interfaceTempo0|divisorGenerico:baseTempo|tick'
Slack : 0.038
TNS   : 0.000

Type  : Fast 1100mV 85C Model Minimum Pulse Width 'divisorGenerico_e_Interface:interfaceTempo1|divisorGenerico:baseTempo|tick'
Slack : 0.096
TNS   : 0.000

Type  : Fast 1100mV 0C Model Setup 'CLOCK_50'
Slack : -4.653
TNS   : -2005.483

Type  : Fast 1100mV 0C Model Hold 'CLOCK_50'
Slack : -0.024
TNS   : -0.120

Type  : Fast 1100mV 0C Model Recovery 'divisorGenerico_e_Interface:interfaceTempo1|divisorGenerico:baseTempo|tick'
Slack : -3.026
TNS   : -3.026

Type  : Fast 1100mV 0C Model Recovery 'divisorGenerico_e_Interface:interfaceTempo0|divisorGenerico:baseTempo|tick'
Slack : -2.960
TNS   : -2.960

Type  : Fast 1100mV 0C Model Recovery 'divisorGenerico_e_Interface:interfaceTempo2|divisorGenerico:baseTempo|tick'
Slack : -2.854
TNS   : -2.854

Type  : Fast 1100mV 0C Model Recovery 'divisorGenerico_e_Interface:interfaceTempo3|divisorGenerico:baseTempo|tick'
Slack : -2.770
TNS   : -2.770

Type  : Fast 1100mV 0C Model Recovery 'FPGA_RESET_N'
Slack : -1.677
TNS   : -1.677

Type  : Fast 1100mV 0C Model Recovery 'KEY[0]'
Slack : -1.558
TNS   : -1.558

Type  : Fast 1100mV 0C Model Recovery 'KEY[2]'
Slack : -1.542
TNS   : -1.542

Type  : Fast 1100mV 0C Model Recovery 'KEY[3]'
Slack : -1.526
TNS   : -1.526

Type  : Fast 1100mV 0C Model Recovery 'KEY[1]'
Slack : -1.478
TNS   : -1.478

Type  : Fast 1100mV 0C Model Removal 'KEY[1]'
Slack : 0.054
TNS   : 0.000

Type  : Fast 1100mV 0C Model Removal 'KEY[3]'
Slack : 0.206
TNS   : 0.000

Type  : Fast 1100mV 0C Model Removal 'KEY[2]'
Slack : 0.267
TNS   : 0.000

Type  : Fast 1100mV 0C Model Removal 'KEY[0]'
Slack : 0.296
TNS   : 0.000

Type  : Fast 1100mV 0C Model Removal 'FPGA_RESET_N'
Slack : 0.392
TNS   : 0.000

Type  : Fast 1100mV 0C Model Removal 'divisorGenerico_e_Interface:interfaceTempo3|divisorGenerico:baseTempo|tick'
Slack : 1.553
TNS   : 0.000

Type  : Fast 1100mV 0C Model Removal 'divisorGenerico_e_Interface:interfaceTempo2|divisorGenerico:baseTempo|tick'
Slack : 1.633
TNS   : 0.000

Type  : Fast 1100mV 0C Model Removal 'divisorGenerico_e_Interface:interfaceTempo0|divisorGenerico:baseTempo|tick'
Slack : 1.760
TNS   : 0.000

Type  : Fast 1100mV 0C Model Removal 'divisorGenerico_e_Interface:interfaceTempo1|divisorGenerico:baseTempo|tick'
Slack : 1.836
TNS   : 0.000

Type  : Fast 1100mV 0C Model Minimum Pulse Width 'CLOCK_50'
Slack : -0.395
TNS   : -70.550

Type  : Fast 1100mV 0C Model Minimum Pulse Width 'KEY[2]'
Slack : -0.160
TNS   : -0.162

Type  : Fast 1100mV 0C Model Minimum Pulse Width 'KEY[1]'
Slack : -0.154
TNS   : -0.166

Type  : Fast 1100mV 0C Model Minimum Pulse Width 'KEY[3]'
Slack : -0.123
TNS   : -0.123

Type  : Fast 1100mV 0C Model Minimum Pulse Width 'KEY[0]'
Slack : -0.120
TNS   : -0.120

Type  : Fast 1100mV 0C Model Minimum Pulse Width 'FPGA_RESET_N'
Slack : -0.058
TNS   : -0.058

Type  : Fast 1100mV 0C Model Minimum Pulse Width 'divisorGenerico_e_Interface:interfaceTempo2|divisorGenerico:baseTempo|tick'
Slack : -0.027
TNS   : -0.027

Type  : Fast 1100mV 0C Model Minimum Pulse Width 'divisorGenerico_e_Interface:interfaceTempo3|divisorGenerico:baseTempo|tick'
Slack : 0.030
TNS   : 0.000

Type  : Fast 1100mV 0C Model Minimum Pulse Width 'divisorGenerico_e_Interface:interfaceTempo0|divisorGenerico:baseTempo|tick'
Slack : 0.050
TNS   : 0.000

Type  : Fast 1100mV 0C Model Minimum Pulse Width 'divisorGenerico_e_Interface:interfaceTempo1|divisorGenerico:baseTempo|tick'
Slack : 0.098
TNS   : 0.000

------------------------------------------------------------
